◆  Capturing 15 frames at [26s, 28.7s, 35.8s, 51s, 57.8s, 73.9s, 79.6s, 84.8s, 86.4s, 88.9s, 93s, 97.8s, 103.7s, 107.8s, 109.2s] from exbabel-motion-v2
[hyperframes] browserGpuMode probe → software (WebGL renderer vendor="Google Inc. (Mesa)" renderer="ANGLE (Mesa, llvmpipe (LLVM 20.1.2 256 bits), OpenGL ES 3.2)")

   Fonts: 2 loaded

◇  15 snapshots saved to /home/jkang1643/projects/exbabel/video-production/exbabel-motion-v2/review/assembled-graphics
   review/assembled-graphics/frame-00-at-26s.png
   review/assembled-graphics/frame-01-at-28.7s.png
   review/assembled-graphics/frame-02-at-35.8s.png
   review/assembled-graphics/frame-03-at-51s.png
   review/assembled-graphics/frame-04-at-57.8s.png
   review/assembled-graphics/frame-05-at-73.9s.png
   review/assembled-graphics/frame-06-at-79.6s.png
   review/assembled-graphics/frame-07-at-84.8s.png
   review/assembled-graphics/frame-08-at-86.4s.png
   review/assembled-graphics/frame-09-at-88.9s.png
   review/assembled-graphics/frame-10-at-93s.png
   review/assembled-graphics/frame-11-at-97.8s.png
   review/assembled-graphics/frame-12-at-103.7s.png
   review/assembled-graphics/frame-13-at-107.8s.png
   review/assembled-graphics/frame-14-at-109.2s.png
   contact-sheet-1..2.jpg (grid view for AI review)
