◆  Checking antigravity-exbabel-film
[StaticGuard] Invalid HyperFrame contract: GSAP timeline is created but never registered in window.__timelines. The runtime discovers timelines from this registry — without registration, animations will not play during preview or render.

Lint
  ⚠ duplicate_media_discovery_risk: Detected 2 matching img entries with the same source/start/duration.
    /home/jkang1643/projects/exbabel/video-production/antigravity-exbabel-film/index.html [data-composition-id] t=0s
    Fix: Avoid duplicated media nodes that can be discovered twice during compilation.
  ⚠ overlapping_gsap_tweens: GSAP tweens overlap on "#S01-wrapper" for y between 5.75s and 6.55s.
    /home/jkang1643/projects/exbabel/video-production/antigravity-exbabel-film/index.html #S01-wrapper t=0s
    Fix: Shorten the earlier tween, move the later tween, or add `overwrite: "auto"`.
  ⚠ overlapping_gsap_tweens: GSAP tweens overlap on "#S04-ui" for scale between 21.99s and 22.69s.
    /home/jkang1643/projects/exbabel/video-production/antigravity-exbabel-film/index.html #S04-ui t=0s
    Fix: Shorten the earlier tween, move the later tween, or add `overwrite: "auto"`.
  ⚠ overlapping_gsap_tweens: GSAP tweens overlap on "#S05-ui" for scale between 24.55s and 25.25s.
    /home/jkang1643/projects/exbabel/video-production/antigravity-exbabel-film/index.html #S05-ui t=0s
    Fix: Shorten the earlier tween, move the later tween, or add `overwrite: "auto"`.
  ⚠ overlapping_gsap_tweens: GSAP tweens overlap on "#S06-ui" for scale between 26.07s and 26.77s.
    /home/jkang1643/projects/exbabel/video-production/antigravity-exbabel-film/index.html #S06-ui t=0s
    Fix: Shorten the earlier tween, move the later tween, or add `overwrite: "auto"`.
  ⚠ overlapping_gsap_tweens: GSAP tweens overlap on "#S07-ui" for scale between 33.35s and 34.05s.
    /home/jkang1643/projects/exbabel/video-production/antigravity-exbabel-film/index.html #S07-ui t=0s
    Fix: Shorten the earlier tween, move the later tween, or add `overwrite: "auto"`.
  ⚠ overlapping_gsap_tweens: GSAP tweens overlap on "#S08-ui" for scale between 38.99s and 39.69s.
    /home/jkang1643/projects/exbabel/video-production/antigravity-exbabel-film/index.html #S08-ui t=0s
    Fix: Shorten the earlier tween, move the later tween, or add `overwrite: "auto"`.
  ⚠ overlapping_gsap_tweens: GSAP tweens overlap on "#S09-ui" for scale between 42.91s and 43.61s.
    /home/jkang1643/projects/exbabel/video-production/antigravity-exbabel-film/index.html #S09-ui t=0s
    Fix: Shorten the earlier tween, move the later tween, or add `overwrite: "auto"`.
  ⚠ overlapping_gsap_tweens: GSAP tweens overlap on "#S10-wrapper" for y between 48.81s and 49.41s.
    /home/jkang1643/projects/exbabel/video-production/antigravity-exbabel-film/index.html #S10-wrapper t=0s
    Fix: Shorten the earlier tween, move the later tween, or add `overwrite: "auto"`.
  ⚠ overlapping_gsap_tweens: GSAP tweens overlap on "#S11-wrapper" for y between 55.21s and 55.81s.
    /home/jkang1643/projects/exbabel/video-production/antigravity-exbabel-film/index.html #S11-wrapper t=0s
    Fix: Shorten the earlier tween, move the later tween, or add `overwrite: "auto"`.
  ⚠ overlapping_gsap_tweens: GSAP tweens overlap on "#S12-wrapper" for y between 61.49s and 62.09s.
    /home/jkang1643/projects/exbabel/video-production/antigravity-exbabel-film/index.html #S12-wrapper t=0s
    Fix: Shorten the earlier tween, move the later tween, or add `overwrite: "auto"`.
  ⚠ overlapping_gsap_tweens: GSAP tweens overlap on "#S13-wrapper" for y between 63.65s and 64.25s.
    /home/jkang1643/projects/exbabel/video-production/antigravity-exbabel-film/index.html #S13-wrapper t=0s
    Fix: Shorten the earlier tween, move the later tween, or add `overwrite: "auto"`.
  ⚠ overlapping_gsap_tweens: GSAP tweens overlap on "#S14-wrapper" for y between 69.29s and 69.89s.
    /home/jkang1643/projects/exbabel/video-production/antigravity-exbabel-film/index.html #S14-wrapper t=0s
    Fix: Shorten the earlier tween, move the later tween, or add `overwrite: "auto"`.
  ⚠ overlapping_gsap_tweens: GSAP tweens overlap on "#S15-ui" for scale between 74.95s and 75.65s.
    /home/jkang1643/projects/exbabel/video-production/antigravity-exbabel-film/index.html #S15-ui t=0s
    Fix: Shorten the earlier tween, move the later tween, or add `overwrite: "auto"`.
  ⚠ overlapping_gsap_tweens: GSAP tweens overlap on "#S16-ui" for scale between 82.87s and 83.57s.
    /home/jkang1643/projects/exbabel/video-production/antigravity-exbabel-film/index.html #S16-ui t=0s
    Fix: Shorten the earlier tween, move the later tween, or add `overwrite: "auto"`.
  ⚠ overlapping_gsap_tweens: GSAP tweens overlap on "#S17-ui" for scale between 88.55s and 89.25s.
    /home/jkang1643/projects/exbabel/video-production/antigravity-exbabel-film/index.html #S17-ui t=0s
    Fix: Shorten the earlier tween, move the later tween, or add `overwrite: "auto"`.
  ⚠ overlapping_gsap_tweens: GSAP tweens overlap on "#S18-ui" for scale between 91.91s and 92.61s.
    /home/jkang1643/projects/exbabel/video-production/antigravity-exbabel-film/index.html #S18-ui t=0s
    Fix: Shorten the earlier tween, move the later tween, or add `overwrite: "auto"`.
  ⚠ overlapping_gsap_tweens: GSAP tweens overlap on "#S19-wrapper" for y between 97.45s and 98.05s.
    /home/jkang1643/projects/exbabel/video-production/antigravity-exbabel-film/index.html #S19-wrapper t=0s
    Fix: Shorten the earlier tween, move the later tween, or add `overwrite: "auto"`.
  ⚠ overlapping_gsap_tweens: GSAP tweens overlap on "#S21-wrapper" for y between 107.69s and 108.29s.
    /home/jkang1643/projects/exbabel/video-production/antigravity-exbabel-film/index.html #S21-wrapper t=0s
    Fix: Shorten the earlier tween, move the later tween, or add `overwrite: "auto"`.
  ✗ gsap_timeline_not_registered: GSAP timeline is created but never registered in window.__timelines. The runtime discovers timelines from this registry — without registration, animations will not play during preview or render.
    /home/jkang1643/projects/exbabel/video-production/antigravity-exbabel-film/index.html [data-composition-id] t=0s
    Fix: Add `window.__timelines = window.__timelines || {};` and `window.__timelines["root"] = tl;` after creating the timeline (use the composition's data-composition-id as the key).
  ⚠ composition_file_too_large: This HTML composition file has 574 lines. Smaller sub-compositions are easier to read, iterate on, and diff.
    /home/jkang1643/projects/exbabel/video-production/antigravity-exbabel-film/index.html [data-composition-id] t=0s
    Fix: Split coherent scenes or layers into separate .html files under compositions/, then mount them from the parent with data-composition-src so each file stays small enough to inspect, revise, and validate independently.
  ⚠ timed_element_missing_clip_class: <div id="S01"> has timing attributes but no class="clip". The runtime still hides it outside its time range, but Studio and the GSAP clip-ownership rules use .clip to recognise a clip, so leaving it off makes the element harder to edit and to lint.
    /home/jkang1643/projects/exbabel/video-production/antigravity-exbabel-film/index.html #S01 t=0s
    Fix: Add class="clip" to the element so Studio and the linter can recognise it as a clip.
  ⚠ timed_element_missing_clip_class: <div id="S02"> has timing attributes but no class="clip". The runtime still hides it outside its time range, but Studio and the GSAP clip-ownership rules use .clip to recognise a clip, so leaving it off makes the element harder to edit and to lint.
    /home/jkang1643/projects/exbabel/video-production/antigravity-exbabel-film/index.html #S02 t=0s
    Fix: Add class="clip" to the element so Studio and the linter can recognise it as a clip.
  ⚠ timed_element_missing_clip_class: <div id="S03"> has timing attributes but no class="clip". The runtime still hides it outside its time range, but Studio and the GSAP clip-ownership rules use .clip to recognise a clip, so leaving it off makes the element harder to edit and to lint.
    /home/jkang1643/projects/exbabel/video-production/antigravity-exbabel-film/index.html #S03 t=0s
    Fix: Add class="clip" to the element so Studio and the linter can recognise it as a clip.
  ⚠ timed_element_missing_clip_class: <div id="S04"> has timing attributes but no class="clip". The runtime still hides it outside its time range, but Studio and the GSAP clip-ownership rules use .clip to recognise a clip, so leaving it off makes the element harder to edit and to lint.
    /home/jkang1643/projects/exbabel/video-production/antigravity-exbabel-film/index.html #S04 t=0s
    Fix: Add class="clip" to the element so Studio and the linter can recognise it as a clip.
  ⚠ timed_element_missing_clip_class: <div id="S05"> has timing attributes but no class="clip". The runtime still hides it outside its time range, but Studio and the GSAP clip-ownership rules use .clip to recognise a clip, so leaving it off makes the element harder to edit and to lint.
    /home/jkang1643/projects/exbabel/video-production/antigravity-exbabel-film/index.html #S05 t=0s
    Fix: Add class="clip" to the element so Studio and the linter can recognise it as a clip.
  ⚠ timed_element_missing_clip_class: <div id="S06"> has timing attributes but no class="clip". The runtime still hides it outside its time range, but Studio and the GSAP clip-ownership rules use .clip to recognise a clip, so leaving it off makes the element harder to edit and to lint.
    /home/jkang1643/projects/exbabel/video-production/antigravity-exbabel-film/index.html #S06 t=0s
    Fix: Add class="clip" to the element so Studio and the linter can recognise it as a clip.
  ⚠ timed_element_missing_clip_class: <div id="S07"> has timing attributes but no class="clip". The runtime still hides it outside its time range, but Studio and the GSAP clip-ownership rules use .clip to recognise a clip, so leaving it off makes the element harder to edit and to lint.
    /home/jkang1643/projects/exbabel/video-production/antigravity-exbabel-film/index.html #S07 t=0s
    Fix: Add class="clip" to the element so Studio and the linter can recognise it as a clip.
  ⚠ timed_element_missing_clip_class: <div id="S08"> has timing attributes but no class="clip". The runtime still hides it outside its time range, but Studio and the GSAP clip-ownership rules use .clip to recognise a clip, so leaving it off makes the element harder to edit and to lint.
    /home/jkang1643/projects/exbabel/video-production/antigravity-exbabel-film/index.html #S08 t=0s
    Fix: Add class="clip" to the element so Studio and the linter can recognise it as a clip.
  ⚠ timed_element_missing_clip_class: <div id="S09"> has timing attributes but no class="clip". The runtime still hides it outside its time range, but Studio and the GSAP clip-ownership rules use .clip to recognise a clip, so leaving it off makes the element harder to edit and to lint.
    /home/jkang1643/projects/exbabel/video-production/antigravity-exbabel-film/index.html #S09 t=0s
    Fix: Add class="clip" to the element so Studio and the linter can recognise it as a clip.
  ⚠ timed_element_missing_clip_class: <div id="S10"> has timing attributes but no class="clip". The runtime still hides it outside its time range, but Studio and the GSAP clip-ownership rules use .clip to recognise a clip, so leaving it off makes the element harder to edit and to lint.
    /home/jkang1643/projects/exbabel/video-production/antigravity-exbabel-film/index.html #S10 t=0s
    Fix: Add class="clip" to the element so Studio and the linter can recognise it as a clip.
  ⚠ timed_element_missing_clip_class: <div id="S11"> has timing attributes but no class="clip". The runtime still hides it outside its time range, but Studio and the GSAP clip-ownership rules use .clip to recognise a clip, so leaving it off makes the element harder to edit and to lint.
    /home/jkang1643/projects/exbabel/video-production/antigravity-exbabel-film/index.html #S11 t=0s
    Fix: Add class="clip" to the element so Studio and the linter can recognise it as a clip.
  ⚠ timed_element_missing_clip_class: <div id="S12"> has timing attributes but no class="clip". The runtime still hides it outside its time range, but Studio and the GSAP clip-ownership rules use .clip to recognise a clip, so leaving it off makes the element harder to edit and to lint.
    /home/jkang1643/projects/exbabel/video-production/antigravity-exbabel-film/index.html #S12 t=0s
    Fix: Add class="clip" to the element so Studio and the linter can recognise it as a clip.
  ⚠ timed_element_missing_clip_class: <div id="S13"> has timing attributes but no class="clip". The runtime still hides it outside its time range, but Studio and the GSAP clip-ownership rules use .clip to recognise a clip, so leaving it off makes the element harder to edit and to lint.
    /home/jkang1643/projects/exbabel/video-production/antigravity-exbabel-film/index.html #S13 t=0s
    Fix: Add class="clip" to the element so Studio and the linter can recognise it as a clip.
  ⚠ timed_element_missing_clip_class: <div id="S14"> has timing attributes but no class="clip". The runtime still hides it outside its time range, but Studio and the GSAP clip-ownership rules use .clip to recognise a clip, so leaving it off makes the element harder to edit and to lint.
    /home/jkang1643/projects/exbabel/video-production/antigravity-exbabel-film/index.html #S14 t=0s
    Fix: Add class="clip" to the element so Studio and the linter can recognise it as a clip.
  ⚠ timed_element_missing_clip_class: <div id="S15"> has timing attributes but no class="clip". The runtime still hides it outside its time range, but Studio and the GSAP clip-ownership rules use .clip to recognise a clip, so leaving it off makes the element harder to edit and to lint.
    /home/jkang1643/projects/exbabel/video-production/antigravity-exbabel-film/index.html #S15 t=0s
    Fix: Add class="clip" to the element so Studio and the linter can recognise it as a clip.
  ⚠ timed_element_missing_clip_class: <div id="S16"> has timing attributes but no class="clip". The runtime still hides it outside its time range, but Studio and the GSAP clip-ownership rules use .clip to recognise a clip, so leaving it off makes the element harder to edit and to lint.
    /home/jkang1643/projects/exbabel/video-production/antigravity-exbabel-film/index.html #S16 t=0s
    Fix: Add class="clip" to the element so Studio and the linter can recognise it as a clip.
  ⚠ timed_element_missing_clip_class: <div id="S17"> has timing attributes but no class="clip". The runtime still hides it outside its time range, but Studio and the GSAP clip-ownership rules use .clip to recognise a clip, so leaving it off makes the element harder to edit and to lint.
    /home/jkang1643/projects/exbabel/video-production/antigravity-exbabel-film/index.html #S17 t=0s
    Fix: Add class="clip" to the element so Studio and the linter can recognise it as a clip.
  ⚠ timed_element_missing_clip_class: <div id="S18"> has timing attributes but no class="clip". The runtime still hides it outside its time range, but Studio and the GSAP clip-ownership rules use .clip to recognise a clip, so leaving it off makes the element harder to edit and to lint.
    /home/jkang1643/projects/exbabel/video-production/antigravity-exbabel-film/index.html #S18 t=0s
    Fix: Add class="clip" to the element so Studio and the linter can recognise it as a clip.
  ⚠ timed_element_missing_clip_class: <div id="S19"> has timing attributes but no class="clip". The runtime still hides it outside its time range, but Studio and the GSAP clip-ownership rules use .clip to recognise a clip, so leaving it off makes the element harder to edit and to lint.
    /home/jkang1643/projects/exbabel/video-production/antigravity-exbabel-film/index.html #S19 t=0s
    Fix: Add class="clip" to the element so Studio and the linter can recognise it as a clip.
  ⚠ timed_element_missing_clip_class: <div id="S20"> has timing attributes but no class="clip". The runtime still hides it outside its time range, but Studio and the GSAP clip-ownership rules use .clip to recognise a clip, so leaving it off makes the element harder to edit and to lint.
    /home/jkang1643/projects/exbabel/video-production/antigravity-exbabel-film/index.html #S20 t=0s
    Fix: Add class="clip" to the element so Studio and the linter can recognise it as a clip.
  ⚠ timed_element_missing_clip_class: <div id="S21"> has timing attributes but no class="clip". The runtime still hides it outside its time range, but Studio and the GSAP clip-ownership rules use .clip to recognise a clip, so leaving it off makes the element harder to edit and to lint.
    /home/jkang1643/projects/exbabel/video-production/antigravity-exbabel-film/index.html #S21 t=0s
    Fix: Add class="clip" to the element so Studio and the linter can recognise it as a clip.
  ⚠ timed_element_missing_clip_class: <div id="S22"> has timing attributes but no class="clip". The runtime still hides it outside its time range, but Studio and the GSAP clip-ownership rules use .clip to recognise a clip, so leaving it off makes the element harder to edit and to lint.
    /home/jkang1643/projects/exbabel/video-production/antigravity-exbabel-film/index.html #S22 t=0s
    Fix: Add class="clip" to the element so Studio and the linter can recognise it as a clip.
  ⚠ nested_structure_needs_subcomposition: <div id="S01"> is a timeline element that contains nested <div id="S01-wrapper">. The timeline shows one row per top-level element, and the root composition is built only from sub-compositions.
    /home/jkang1643/projects/exbabel/video-production/antigravity-exbabel-film/index.html #S01 t=0s
    Fix: Move <div id="S01"> and its contents into a sub-composition file and mount it with data-composition-src.
  ⚠ nested_structure_needs_subcomposition: <div id="S02"> is a timeline element that contains nested <div id="S02-wrapper">. The timeline shows one row per top-level element, and the root composition is built only from sub-compositions.
    /home/jkang1643/projects/exbabel/video-production/antigravity-exbabel-film/index.html #S02 t=0s
    Fix: Move <div id="S02"> and its contents into a sub-composition file and mount it with data-composition-src.
  ⚠ nested_structure_needs_subcomposition: <div id="S03"> is a timeline element that contains nested <div id="S03-wrapper">. The timeline shows one row per top-level element, and the root composition is built only from sub-compositions.
    /home/jkang1643/projects/exbabel/video-production/antigravity-exbabel-film/index.html #S03 t=0s
    Fix: Move <div id="S03"> and its contents into a sub-composition file and mount it with data-composition-src.
  ⚠ nested_structure_needs_subcomposition: <div id="S04"> is a timeline element that contains nested <div id="S04-wrapper">. The timeline shows one row per top-level element, and the root composition is built only from sub-compositions.
    /home/jkang1643/projects/exbabel/video-production/antigravity-exbabel-film/index.html #S04 t=0s
    Fix: Move <div id="S04"> and its contents into a sub-composition file and mount it with data-composition-src.
  ⚠ nested_structure_needs_subcomposition: <div id="S05"> is a timeline element that contains nested <div id="S05-wrapper">. The timeline shows one row per top-level element, and the root composition is built only from sub-compositions.
    /home/jkang1643/projects/exbabel/video-production/antigravity-exbabel-film/index.html #S05 t=0s
    Fix: Move <div id="S05"> and its contents into a sub-composition file and mount it with data-composition-src.
  ⚠ nested_structure_needs_subcomposition: <div id="S06"> is a timeline element that contains nested <div id="S06-wrapper">. The timeline shows one row per top-level element, and the root composition is built only from sub-compositions.
    /home/jkang1643/projects/exbabel/video-production/antigravity-exbabel-film/index.html #S06 t=0s
    Fix: Move <div id="S06"> and its contents into a sub-composition file and mount it with data-composition-src.
  ⚠ nested_structure_needs_subcomposition: <div id="S07"> is a timeline element that contains nested <div id="S07-wrapper">. The timeline shows one row per top-level element, and the root composition is built only from sub-compositions.
    /home/jkang1643/projects/exbabel/video-production/antigravity-exbabel-film/index.html #S07 t=0s
    Fix: Move <div id="S07"> and its contents into a sub-composition file and mount it with data-composition-src.
  ⚠ nested_structure_needs_subcomposition: <div id="S08"> is a timeline element that contains nested <div id="S08-wrapper">. The timeline shows one row per top-level element, and the root composition is built only from sub-compositions.
    /home/jkang1643/projects/exbabel/video-production/antigravity-exbabel-film/index.html #S08 t=0s
    Fix: Move <div id="S08"> and its contents into a sub-composition file and mount it with data-composition-src.
  ⚠ nested_structure_needs_subcomposition: <div id="S09"> is a timeline element that contains nested <div id="S09-wrapper">. The timeline shows one row per top-level element, and the root composition is built only from sub-compositions.
    /home/jkang1643/projects/exbabel/video-production/antigravity-exbabel-film/index.html #S09 t=0s
    Fix: Move <div id="S09"> and its contents into a sub-composition file and mount it with data-composition-src.
  ⚠ nested_structure_needs_subcomposition: <div id="S10"> is a timeline element that contains nested <div id="S10-wrapper">. The timeline shows one row per top-level element, and the root composition is built only from sub-compositions.
    /home/jkang1643/projects/exbabel/video-production/antigravity-exbabel-film/index.html #S10 t=0s
    Fix: Move <div id="S10"> and its contents into a sub-composition file and mount it with data-composition-src.
  ⚠ nested_structure_needs_subcomposition: <div id="S11"> is a timeline element that contains nested <div id="S11-wrapper">. The timeline shows one row per top-level element, and the root composition is built only from sub-compositions.
    /home/jkang1643/projects/exbabel/video-production/antigravity-exbabel-film/index.html #S11 t=0s
    Fix: Move <div id="S11"> and its contents into a sub-composition file and mount it with data-composition-src.
  ⚠ nested_structure_needs_subcomposition: <div id="S12"> is a timeline element that contains nested <div id="S12-wrapper">. The timeline shows one row per top-level element, and the root composition is built only from sub-compositions.
    /home/jkang1643/projects/exbabel/video-production/antigravity-exbabel-film/index.html #S12 t=0s
    Fix: Move <div id="S12"> and its contents into a sub-composition file and mount it with data-composition-src.
  ⚠ nested_structure_needs_subcomposition: <div id="S13"> is a timeline element that contains nested <div id="S13-wrapper">. The timeline shows one row per top-level element, and the root composition is built only from sub-compositions.
    /home/jkang1643/projects/exbabel/video-production/antigravity-exbabel-film/index.html #S13 t=0s
    Fix: Move <div id="S13"> and its contents into a sub-composition file and mount it with data-composition-src.
  ⚠ nested_structure_needs_subcomposition: <div id="S14"> is a timeline element that contains nested <div id="S14-wrapper">. The timeline shows one row per top-level element, and the root composition is built only from sub-compositions.
    /home/jkang1643/projects/exbabel/video-production/antigravity-exbabel-film/index.html #S14 t=0s
    Fix: Move <div id="S14"> and its contents into a sub-composition file and mount it with data-composition-src.
  ⚠ nested_structure_needs_subcomposition: <div id="S15"> is a timeline element that contains nested <div id="S15-wrapper">. The timeline shows one row per top-level element, and the root composition is built only from sub-compositions.
    /home/jkang1643/projects/exbabel/video-production/antigravity-exbabel-film/index.html #S15 t=0s
    Fix: Move <div id="S15"> and its contents into a sub-composition file and mount it with data-composition-src.
  ⚠ nested_structure_needs_subcomposition: <div id="S16"> is a timeline element that contains nested <div id="S16-wrapper">. The timeline shows one row per top-level element, and the root composition is built only from sub-compositions.
    /home/jkang1643/projects/exbabel/video-production/antigravity-exbabel-film/index.html #S16 t=0s
    Fix: Move <div id="S16"> and its contents into a sub-composition file and mount it with data-composition-src.
  ⚠ nested_structure_needs_subcomposition: <div id="S17"> is a timeline element that contains nested <div id="S17-wrapper">. The timeline shows one row per top-level element, and the root composition is built only from sub-compositions.
    /home/jkang1643/projects/exbabel/video-production/antigravity-exbabel-film/index.html #S17 t=0s
    Fix: Move <div id="S17"> and its contents into a sub-composition file and mount it with data-composition-src.
  ⚠ nested_structure_needs_subcomposition: <div id="S18"> is a timeline element that contains nested <div id="S18-wrapper">. The timeline shows one row per top-level element, and the root composition is built only from sub-compositions.
    /home/jkang1643/projects/exbabel/video-production/antigravity-exbabel-film/index.html #S18 t=0s
    Fix: Move <div id="S18"> and its contents into a sub-composition file and mount it with data-composition-src.
  ⚠ nested_structure_needs_subcomposition: <div id="S19"> is a timeline element that contains nested <div id="S19-wrapper">. The timeline shows one row per top-level element, and the root composition is built only from sub-compositions.
    /home/jkang1643/projects/exbabel/video-production/antigravity-exbabel-film/index.html #S19 t=0s
    Fix: Move <div id="S19"> and its contents into a sub-composition file and mount it with data-composition-src.
  ⚠ nested_structure_needs_subcomposition: <div id="S20"> is a timeline element that contains nested <div id="S20-wrapper">. The timeline shows one row per top-level element, and the root composition is built only from sub-compositions.
    /home/jkang1643/projects/exbabel/video-production/antigravity-exbabel-film/index.html #S20 t=0s
    Fix: Move <div id="S20"> and its contents into a sub-composition file and mount it with data-composition-src.
  ⚠ nested_structure_needs_subcomposition: <div id="S21"> is a timeline element that contains nested <div id="S21-wrapper">. The timeline shows one row per top-level element, and the root composition is built only from sub-compositions.
    /home/jkang1643/projects/exbabel/video-production/antigravity-exbabel-film/index.html #S21 t=0s
    Fix: Move <div id="S21"> and its contents into a sub-composition file and mount it with data-composition-src.
  ⚠ nested_structure_needs_subcomposition: <div id="S22"> is a timeline element that contains nested <div id="S22-wrapper">. The timeline shows one row per top-level element, and the root composition is built only from sub-compositions.
    /home/jkang1643/projects/exbabel/video-production/antigravity-exbabel-film/index.html #S22 t=0s
    Fix: Move <div id="S22"> and its contents into a sub-composition file and mount it with data-composition-src.
  1 error(s), 64 warning(s), 0 info(s)

Runtime
  ◇ 0 errors, 0 warnings

Layout
  ◇ 0 issues across 0 sample(s)

Motion
  ◇ 0 errors, 0 warnings

Contrast
  ◇ 0/0 text checks pass WCAG AA

Snapshots
  ◇ disabled

◇  Check failed
