Warning: You are sending unauthenticated requests to the HF Hub. Please set a HF_TOKEN to enable higher rate limits and faster downloads.
0.00-4.96:  Hey there, just wanted to show you how you can bring multilingual services to your congregation at your church.
5.74-9.30:  Picture someone walking into your service this Sunday with their family.
9.94-12.24:  They want to be there. They want to hear the sermon.
13.36-17.48:  But English isn't their first language, so they're only catching pieces of the message.
18.28-24.18:  With Exbabel, they can pull out their phone, scan a QR code, choose their language, and start listening.
25.14-28.50:  That's pretty much it. Your pastor keeps preaching like normal.
29.56-32.78:  Exbabel listens to the service and translates it while they're speaking.
33.80-37.82:  The person in the congregation hears the sermon through their headphones in their own language.
38.60-44.68:  They can also read translated captions right on their phone, so if you have a Spanish-speaking family visiting your church,
45.22-47.28:  you don't have to create another service for them.
47.70-53.32:  They can sit with their family, worship with the same congregation, and actually understand what's being said,
53.84-55.30:  and you're not limited to Spanish.
55.30-59.52:  You can make other languages available depending on the people you're trying to reach.
60.72-64.70:  The same thing works online. If you're already live streaming your services,
65.40-72.92:  Exbabel can translate the live stream to someone watching from another city or another country can choose their language and follow along.
73.82-77.18:  We designed it to work with the audio setup churches already used,
77.42-82.68:  so your team doesn't have to completely rethink Sunday morning, connect your audio, start the translation,
83.16-87.98:  put the QR code on the screen, your congregation handles the rest from their phones.
89.00-93.18:  If this sounds useful for your church, I'd love for you to actually try it during a service.
93.84-97.28:  You can start with a 30-day free trial at exbabel.com,
97.76-103.08:  and if you'd rather have us walk through your setup with you first, you can schedule a quick call with our team.
104.02-109.78:  That way, the next person who walks into your church doesn't have to speak the same language as your pastor to understand the message.
