[aist#0:0/pcm_s16le @ 0x5e41e3ee1340] Guessed Channel Layout: mono
Input #0, wav, from 'assets/narration.wav':
  Metadata:
    encoder         : Lavf60.16.100
  Duration: 00:02:03.74, bitrate: 768 kb/s
  Stream #0:0: Audio: pcm_s16le ([1][0][0][0] / 0x0001), 48000 Hz, 1 channels, s16, 768 kb/s
Stream mapping:
  Stream #0:0 -> #0:0 (pcm_s16le (native) -> pcm_s16le (native))
Press [q] to stop, [?] for help
Output #0, null, to 'pipe:':
  Metadata:
    encoder         : Lavf60.16.100
  Stream #0:0: Audio: pcm_s16le, 192000 Hz, mono, s16, 3072 kb/s
    Metadata:
      encoder         : Lavc60.31.102 pcm_s16le
size=       0kB time=00:00:00.00 bitrate=N/A speed=   0x    size=N/A time=00:00:15.30 bitrate=N/A speed=23.2x    size=N/A time=00:00:29.80 bitrate=N/A speed=25.6x    size=N/A time=00:00:42.90 bitrate=N/A speed=25.7x    size=N/A time=00:00:58.00 bitrate=N/A speed=26.4x    size=N/A time=00:01:10.90 bitrate=N/A speed=26.2x    size=N/A time=00:01:24.60 bitrate=N/A speed=26.4x    size=N/A time=00:01:37.00 bitrate=N/A speed=26.2x    size=N/A time=00:01:48.80 bitrate=N/A speed=25.8x    size=N/A time=00:02:00.80 bitrate=N/A speed=25.3x    [out#0/null @ 0x5e41e3eba840] video:0kB audio:46403kB subtitle:0kB other streams:0kB global headers:0kB muxing overhead: unknown
size=N/A time=00:02:00.90 bitrate=N/A speed=25.3x    
[Parsed_loudnorm_0 @ 0x5e41e3eeb880] 
{
	"input_i" : "-16.73",
	"input_tp" : "-1.50",
	"input_lra" : "3.30",
	"input_thresh" : "-26.97",
	"output_i" : "-16.00",
	"output_tp" : "-1.50",
	"output_lra" : "2.90",
	"output_thresh" : "-26.24",
	"normalization_type" : "dynamic",
	"target_offset" : "0.00"
}
