your 131072x1 screen size is bogus. expect trouble
your 131072x1 screen size is bogus. expect trouble
your 131072x1 screen size is bogus. expect trouble
your 131072x1 screen size is bogus. expect trouble
your 131072x1 screen size is bogus. expect trouble
your 131072x1 screen size is bogus. expect trouble
your 131072x1 screen size is bogus. expect trouble

◆  Rendering exbabel-film → /home/jkang1643/projects/exbabel/video-production/exbabel-film/renders/exbabel-visual-master.mp4
   30fps · high · 2 workers
   GPU: browser GPU (auto-detect)

[?25l│
◒  Checking browser[1G[J◐  Checking browser[1G[J◓  Checking browser[1G[J◇  Browser: cache
[?25h
  Lint: 0 error(s), 24 warning(s) — run with --lint-verbose for full output.
  Continuing render despite lint issues. Use --strict to block errors.

[INFO] [Render] Pipeline started {"renderJobId":"a319e52c-8cf9-45a8-a782-c7da987ce80c","platform":"linux","arch":"x64","nodeVersion":"v22.23.2","fps":{"num":30,"den":1},"format":"mp4","quality":"high","browserGpuMode":"auto","forceScreenshot":false,"protocolTimeout":300000,"browserTimeout":120000,"pageNavigationTimeout":60000,"playerReadyTimeout":45000}
[INFO] [Render:trace] {"renderJobId":"a319e52c-8cf9-45a8-a782-c7da987ce80c","phase":"pipeline","status":"checkpoint","elapsedMs":12,"message":"started","format":"mp4","quality":"high","browserGpuMode":"auto","forceScreenshot":false,"protocolTimeoutMs":300000,"pageNavigationTimeoutMs":60000,"playerReadyTimeoutMs":45000,"requestedWorkers":2}
[INFO] [Render:trace] {"renderJobId":"a319e52c-8cf9-45a8-a782-c7da987ce80c","phase":"compile","status":"start","elapsedMs":18,"needsAlpha":false}
  █░░░░░░░░░░░░░░░░░░░░░░░░  5%  Compiling composition
[INFO] [Compiler] Embedded local font file: assets/Sora.ttf (109 KB → data URI)
[INFO] [Compiler] Embedded local font file: assets/NotoSansKR-subset.ttf (3 KB → data URI)
[INFO] Compiled composition metadata {"renderJobId":"a319e52c-8cf9-45a8-a782-c7da987ce80c","entryFile":"index.html","staticDuration":151,"width":1920,"height":1080,"videoCount":0,"audioCount":0,"renderModeHints":{"recommendScreenshot":false,"reasons":[]}}
[INFO] [Render:trace] {"renderJobId":"a319e52c-8cf9-45a8-a782-c7da987ce80c","phase":"compile","status":"end","elapsedMs":820,"durationMs":801,"needsAlpha":false}
[INFO] [Render:trace] {"renderJobId":"a319e52c-8cf9-45a8-a782-c7da987ce80c","phase":"compile","status":"checkpoint","elapsedMs":821,"message":"composition metadata resolved","width":1920,"height":1080,"videoCount":0,"audioCount":0,"imageCount":0,"deviceScaleFactor":1,"forceScreenshot":false,"compositionHash":"e58edca57b4589ff"}
[INFO] [Render:trace] {"renderJobId":"a319e52c-8cf9-45a8-a782-c7da987ce80c","phase":"browser_probe","status":"start","elapsedMs":822,"forceScreenshot":false,"stagePhase":"calibrating"}
[INFO] [Render:trace] {"renderJobId":"a319e52c-8cf9-45a8-a782-c7da987ce80c","phase":"browser_probe","status":"end","elapsedMs":903,"durationMs":80,"forceScreenshot":false,"stagePhase":"calibrating"}
[INFO] [Render:trace] {"renderJobId":"a319e52c-8cf9-45a8-a782-c7da987ce80c","phase":"browser_probe","status":"checkpoint","elapsedMs":904,"message":"duration resolved","durationSeconds":151,"totalFrames":4530,"compositionHash":"e58edca57b4589ff","beginFrameStalled":false}
[INFO] [Render:trace] {"renderJobId":"a319e52c-8cf9-45a8-a782-c7da987ce80c","phase":"video_extract","status":"start","elapsedMs":905,"videoCount":0}
  ██░░░░░░░░░░░░░░░░░░░░░░░  10%  Extracting video frames
[INFO] [Render:trace] {"renderJobId":"a319e52c-8cf9-45a8-a782-c7da987ce80c","phase":"video_extract","status":"end","elapsedMs":906,"durationMs":1,"videoCount":0}
[INFO] [Render:trace] {"renderJobId":"a319e52c-8cf9-45a8-a782-c7da987ce80c","phase":"video_extract","status":"checkpoint","elapsedMs":926,"message":"frames resolved","videoCount":0,"extractedVideoCount":0,"totalFramesExtracted":0,"maxFramesPerVideo":0,"avgFramesPerExtractedVideo":null,"vfrPreflightCount":null,"vfrPreflightMs":null,"cacheHits":null,"cacheMisses":null,"transientRetries":null,"minVideoFrameCoverageRatio":null,"authoredTimedClipCount":73}
[INFO] [Render] No HDR sources detected — rendering SDR {"renderJobId":"a319e52c-8cf9-45a8-a782-c7da987ce80c"}
[INFO] [Render:trace] {"renderJobId":"a319e52c-8cf9-45a8-a782-c7da987ce80c","phase":"hdr_detection","status":"checkpoint","elapsedMs":931,"message":"resolved","requestedHdrMode":"auto","effectiveHdr":"sdr","nativeHdrVideoCount":0,"nativeHdrImageCount":0}
[INFO] [Render:trace] {"renderJobId":"a319e52c-8cf9-45a8-a782-c7da987ce80c","phase":"audio_process","status":"start","elapsedMs":932,"audioCount":0}
[INFO] [Render:trace] {"renderJobId":"a319e52c-8cf9-45a8-a782-c7da987ce80c","phase":"audio_process","status":"end","elapsedMs":938,"durationMs":0,"audioCount":0}
  █████░░░░░░░░░░░░░░░░░░░░  20%  Processing audio tracks
[INFO] [Render:trace] {"renderJobId":"a319e52c-8cf9-45a8-a782-c7da987ce80c","phase":"file_server","status":"start","elapsedMs":939,"reused":false}
  ██████░░░░░░░░░░░░░░░░░░░  25%  Starting frame capture
[INFO] [Render:trace] {"renderJobId":"a319e52c-8cf9-45a8-a782-c7da987ce80c","phase":"file_server","status":"end","elapsedMs":976,"durationMs":37}
[hyperframes] browserGpuMode probe → software (WebGL unavailable)
[INFO] [Render:trace] {"renderJobId":"a319e52c-8cf9-45a8-a782-c7da987ce80c","phase":"capture_calibration","status":"checkpoint","elapsedMs":2100,"message":"skipped","requestedWorkers":2,"totalFrames":4530,"htmlInCanvasDetected":false,"lowMemoryMode":false,"deInversionEligible":false,"deParallelRouterEligible":false}
[INFO] [Render:trace] {"renderJobId":"a319e52c-8cf9-45a8-a782-c7da987ce80c","phase":"worker_resolution","status":"checkpoint","elapsedMs":2101,"message":"resolved","workerCount":2}
[INFO] [Render] Parallel beginframe capture will stream to the encoder (interleaved, 2 workers) instead of the disk path. Set HF_CAPTURE_PARALLEL_STREAM=false to disable. {"renderJobId":"a319e52c-8cf9-45a8-a782-c7da987ce80c"}
[INFO] [Render:trace] {"renderJobId":"a319e52c-8cf9-45a8-a782-c7da987ce80c","phase":"worker_resolution","status":"checkpoint","elapsedMs":2102,"message":"parallel beginframe capture routed to streaming"}
[INFO] streaming-encode gate {"renderJobId":"a319e52c-8cf9-45a8-a782-c7da987ce80c","enabled":true,"reason":"parallel_forced","configFlag":true,"durationCapEnabled":false,"outputFormat":"mp4","workerCount":2,"durationSeconds":151,"maxDurationSeconds":240}
[INFO] [Render:trace] {"renderJobId":"a319e52c-8cf9-45a8-a782-c7da987ce80c","phase":"capture_strategy","status":"checkpoint","elapsedMs":2103,"message":"resolved","workerCount":2,"forceScreenshot":false,"captureBeyondViewport":null,"useStreamingEncode":true,"useLayeredComposite":false,"usePageSideCompositing":false,"hasHdrContent":false,"hasShaderTransitions":false,"isPngSequence":false}
[INFO] [Render:trace] {"renderJobId":"a319e52c-8cf9-45a8-a782-c7da987ce80c","phase":"capture_streaming","status":"start","elapsedMs":2104,"stagePhase":"capturing","workerCount":2,"forceScreenshot":false,"totalFrames":4530,"framesCompleted":0,"captureMode":"beginframe","captureOperation":"beginFrame"}
[INFO] [Render] Parallel capture worker phase {"renderJobId":"a319e52c-8cf9-45a8-a782-c7da987ce80c","workerId":0,"phase":"browser_launch","browserExecutable":"/home/jkang1643/.cache/hyperframes/chrome/chrome-headless-shell/linux-152.0.7977.30/chrome-headless-shell-linux64/chrome-headless-shell","browserVersion":"unknown","canvasDrawElement":"unknown","gpuBackend":"unknown"}
[INFO] [Render] Parallel capture worker phase {"renderJobId":"a319e52c-8cf9-45a8-a782-c7da987ce80c","workerId":1,"phase":"browser_launch","browserExecutable":"/home/jkang1643/.cache/hyperframes/chrome/chrome-headless-shell/linux-152.0.7977.30/chrome-headless-shell-linux64/chrome-headless-shell","browserVersion":"unknown","canvasDrawElement":"unknown","gpuBackend":"unknown"}
[BrowserManager] Browser launched (HeadlessChrome/152.0.7977.30, beginframe, gl=--use-gl=angle --use-angle=swiftshader, headlessShell=true, platform=linux)
[BrowserManager] Browser launched (HeadlessChrome/152.0.7977.30, beginframe, gl=--use-gl=angle --use-angle=swiftshader, headlessShell=true, platform=linux)
[INFO] [Render] Parallel capture worker phase {"renderJobId":"a319e52c-8cf9-45a8-a782-c7da987ce80c","workerId":0,"phase":"browser_probe","browserExecutable":"/home/jkang1643/.cache/hyperframes/chrome/chrome-headless-shell/linux-152.0.7977.30/chrome-headless-shell-linux64/chrome-headless-shell","browserVersion":"unknown","canvasDrawElement":"unknown","gpuBackend":"unknown"}
[INFO] [Render] Parallel capture worker phase {"renderJobId":"a319e52c-8cf9-45a8-a782-c7da987ce80c","workerId":0,"phase":"session_init","browserExecutable":"/home/jkang1643/.cache/hyperframes/chrome/chrome-headless-shell/linux-152.0.7977.30/chrome-headless-shell-linux64/chrome-headless-shell","browserVersion":"HeadlessChrome/152.0.7977.30","canvasDrawElement":"unknown","gpuBackend":"unknown"}
[initSession:beginframe] warmup loop started (0ms)
[initSession:beginframe] page.goto start (1ms)
[INFO] [Render] Parallel capture worker phase {"renderJobId":"a319e52c-8cf9-45a8-a782-c7da987ce80c","workerId":1,"phase":"browser_probe","browserExecutable":"/home/jkang1643/.cache/hyperframes/chrome/chrome-headless-shell/linux-152.0.7977.30/chrome-headless-shell-linux64/chrome-headless-shell","browserVersion":"unknown","canvasDrawElement":"unknown","gpuBackend":"unknown"}
[INFO] [Render] Parallel capture worker phase {"renderJobId":"a319e52c-8cf9-45a8-a782-c7da987ce80c","workerId":1,"phase":"session_init","browserExecutable":"/home/jkang1643/.cache/hyperframes/chrome/chrome-headless-shell/linux-152.0.7977.30/chrome-headless-shell-linux64/chrome-headless-shell","browserVersion":"HeadlessChrome/152.0.7977.30","canvasDrawElement":"unknown","gpuBackend":"unknown"}
[initSession:beginframe] warmup loop started (0ms)
[initSession:beginframe] page.goto start (0ms)
[HyperFrames] render runtime fps [object Object]
[HyperFrames] render runtime fps [object Object]
[initSession:beginframe] page.goto complete (665ms)
[initSession:beginframe] page.goto complete (693ms)
[initSession:beginframe] GSAP proxy flush complete (682ms)
[initSession:beginframe] pollHfReady complete (684ms)
[initSession:beginframe] GSAP proxy flush complete (705ms)
[initSession:beginframe] pollHfReady complete (711ms)
[INFO] [Render:trace] {"renderJobId":"a319e52c-8cf9-45a8-a782-c7da987ce80c","phase":"capture_streaming","status":"checkpoint","elapsedMs":32633,"message":"stage still running","stagePhase":"capturing","workerCount":2,"forceScreenshot":false,"totalFrames":4530,"framesCompleted":0,"captureMode":"beginframe","captureOperation":"beginFrame","heartbeatIndex":1,"stageElapsedMs":30529}
[FrameCapture] Sub-composition timelines not registered after 45000ms: exbabel-film. Compositions that load data asynchronously (e.g. fetch) must register window.__timelines[id] after setup completes. Compositions intentionally driven without GSAP timelines (CSS animations / rAF) can mark the host with data-no-timeline to skip this wait.
[initSession:beginframe] pollSubCompositionTimelines complete (timeout) (45845ms)
[FrameCapture:sub_timeline_readiness_timeout] Sub-composition timelines did not become ready within 45000ms { timeoutMs: 45000, sources: [] }
[initSession:beginframe] applyVideoMetadataHints complete (45846ms)
[FrameCapture] Sub-composition timelines not registered after 45000ms: exbabel-film. Compositions that load data asynchronously (e.g. fetch) must register window.__timelines[id] after setup completes. Compositions intentionally driven without GSAP timelines (CSS animations / rAF) can mark the host with data-no-timeline to skip this wait.
[initSession:beginframe] pollSubCompositionTimelines complete (timeout) (45836ms)
[FrameCapture:sub_timeline_readiness_timeout] Sub-composition timelines did not become ready within 45000ms { timeoutMs: 45000, sources: [] }
[initSession:beginframe] applyVideoMetadataHints complete (45836ms)
[initSession:beginframe] media + fonts + tailwind ready (45851ms)
[initSession:beginframe] media + fonts + tailwind ready (45840ms)
[initSession:beginframe] static-frame dedup: disabled (capture mode beginframe, not screenshot) (45886ms)
[initSession:beginframe] static-frame dedup: disabled (capture mode beginframe, not screenshot) (45875ms)
[INFO] [Render] Parallel capture worker phase {"renderJobId":"a319e52c-8cf9-45a8-a782-c7da987ce80c","workerId":1,"phase":"frame_capture","frameIndex":1,"browserExecutable":"/home/jkang1643/.cache/hyperframes/chrome/chrome-headless-shell/linux-152.0.7977.30/chrome-headless-shell-linux64/chrome-headless-shell","browserVersion":"HeadlessChrome/152.0.7977.30","canvasDrawElement":false,"gpuBackend":"unknown"}
[INFO] [Render] Parallel capture worker phase {"renderJobId":"a319e52c-8cf9-45a8-a782-c7da987ce80c","workerId":0,"phase":"frame_capture","frameIndex":0,"browserExecutable":"/home/jkang1643/.cache/hyperframes/chrome/chrome-headless-shell/linux-152.0.7977.30/chrome-headless-shell-linux64/chrome-headless-shell","browserVersion":"HeadlessChrome/152.0.7977.30","canvasDrawElement":false,"gpuBackend":"unknown"}
  ██████░░░░░░░░░░░░░░░░░░░  25%  Streaming frame 30/4530 (2 workers)
  ██████░░░░░░░░░░░░░░░░░░░  26%  Streaming frame 60/4530 (2 workers)
  ██████░░░░░░░░░░░░░░░░░░░  26%  Streaming frame 90/4530 (2 workers)
  ██████░░░░░░░░░░░░░░░░░░░  26%  Streaming frame 120/4530 (2 workers)
[INFO] [Render:trace] {"renderJobId":"a319e52c-8cf9-45a8-a782-c7da987ce80c","phase":"capture_streaming","status":"checkpoint","elapsedMs":63184,"message":"stage still running","stagePhase":"capturing","workerCount":2,"forceScreenshot":false,"totalFrames":4530,"framesCompleted":135,"captureMode":"beginframe","captureOperation":"beginFrame","heartbeatIndex":2,"stageElapsedMs":61080}
  ██████░░░░░░░░░░░░░░░░░░░  27%  Streaming frame 150/4530 (2 workers)
  ██████░░░░░░░░░░░░░░░░░░░  27%  Streaming frame 180/4530 (2 workers)
  ███████░░░░░░░░░░░░░░░░░░  28%  Streaming frame 210/4530 (2 workers)
  ███████░░░░░░░░░░░░░░░░░░  28%  Streaming frame 240/4530 (2 workers)
  ███████░░░░░░░░░░░░░░░░░░  28%  Streaming frame 270/4530 (2 workers)
  ███████░░░░░░░░░░░░░░░░░░  29%  Streaming frame 300/4530 (2 workers)
  ███████░░░░░░░░░░░░░░░░░░  29%  Streaming frame 330/4530 (2 workers)
  ███████░░░░░░░░░░░░░░░░░░  29%  Streaming frame 360/4530 (2 workers)
  ███████░░░░░░░░░░░░░░░░░░  30%  Streaming frame 390/4530 (2 workers)
  ███████░░░░░░░░░░░░░░░░░░  30%  Streaming frame 420/4530 (2 workers)
  ███████░░░░░░░░░░░░░░░░░░  30%  Streaming frame 450/4530 (2 workers)
  ███████░░░░░░░░░░░░░░░░░░  31%  Streaming frame 480/4530 (2 workers)
  ███████░░░░░░░░░░░░░░░░░░  31%  Streaming frame 510/4530 (2 workers)
  ████████░░░░░░░░░░░░░░░░░  32%  Streaming frame 540/4530 (2 workers)
  ████████░░░░░░░░░░░░░░░░░  32%  Streaming frame 570/4530 (2 workers)
  ████████░░░░░░░░░░░░░░░░░  32%  Streaming frame 600/4530 (2 workers)
  ████████░░░░░░░░░░░░░░░░░  33%  Streaming frame 630/4530 (2 workers)
  ████████░░░░░░░░░░░░░░░░░  33%  Streaming frame 660/4530 (2 workers)
  ████████░░░░░░░░░░░░░░░░░  33%  Streaming frame 690/4530 (2 workers)
  ████████░░░░░░░░░░░░░░░░░  34%  Streaming frame 720/4530 (2 workers)
  ████████░░░░░░░░░░░░░░░░░  34%  Streaming frame 750/4530 (2 workers)
  ████████░░░░░░░░░░░░░░░░░  34%  Streaming frame 780/4530 (2 workers)
  ████████░░░░░░░░░░░░░░░░░  35%  Streaming frame 810/4530 (2 workers)
  ████████░░░░░░░░░░░░░░░░░  35%  Streaming frame 840/4530 (2 workers)
  █████████░░░░░░░░░░░░░░░░  36%  Streaming frame 870/4530 (2 workers)
  █████████░░░░░░░░░░░░░░░░  36%  Streaming frame 900/4530 (2 workers)
  █████████░░░░░░░░░░░░░░░░  36%  Streaming frame 930/4530 (2 workers)
[INFO] [Render:trace] {"renderJobId":"a319e52c-8cf9-45a8-a782-c7da987ce80c","phase":"capture_streaming","status":"checkpoint","elapsedMs":124265,"message":"stage still running","stagePhase":"capturing","workerCount":2,"forceScreenshot":false,"totalFrames":4530,"framesCompleted":942,"captureMode":"beginframe","captureOperation":"beginFrame","heartbeatIndex":3,"stageElapsedMs":122161}
  █████████░░░░░░░░░░░░░░░░  37%  Streaming frame 960/4530 (2 workers)
  █████████░░░░░░░░░░░░░░░░  37%  Streaming frame 990/4530 (2 workers)
  █████████░░░░░░░░░░░░░░░░  37%  Streaming frame 1020/4530 (2 workers)
  █████████░░░░░░░░░░░░░░░░  38%  Streaming frame 1050/4530 (2 workers)
  █████████░░░░░░░░░░░░░░░░  38%  Streaming frame 1080/4530 (2 workers)
  █████████░░░░░░░░░░░░░░░░  38%  Streaming frame 1110/4530 (2 workers)
  █████████░░░░░░░░░░░░░░░░  39%  Streaming frame 1140/4530 (2 workers)
  █████████░░░░░░░░░░░░░░░░  39%  Streaming frame 1170/4530 (2 workers)
  ██████████░░░░░░░░░░░░░░░  40%  Streaming frame 1200/4530 (2 workers)
  ██████████░░░░░░░░░░░░░░░  40%  Streaming frame 1230/4530 (2 workers)
  ██████████░░░░░░░░░░░░░░░  40%  Streaming frame 1260/4530 (2 workers)
  ██████████░░░░░░░░░░░░░░░  41%  Streaming frame 1290/4530 (2 workers)
  ██████████░░░░░░░░░░░░░░░  41%  Streaming frame 1320/4530 (2 workers)
  ██████████░░░░░░░░░░░░░░░  41%  Streaming frame 1350/4530 (2 workers)
  ██████████░░░░░░░░░░░░░░░  42%  Streaming frame 1380/4530 (2 workers)
  ██████████░░░░░░░░░░░░░░░  42%  Streaming frame 1410/4530 (2 workers)
  ██████████░░░░░░░░░░░░░░░  42%  Streaming frame 1440/4530 (2 workers)
  ██████████░░░░░░░░░░░░░░░  43%  Streaming frame 1470/4530 (2 workers)
  ██████████░░░░░░░░░░░░░░░  43%  Streaming frame 1500/4530 (2 workers)
  ███████████░░░░░░░░░░░░░░  44%  Streaming frame 1530/4530 (2 workers)
  ███████████░░░░░░░░░░░░░░  44%  Streaming frame 1560/4530 (2 workers)
  ███████████░░░░░░░░░░░░░░  44%  Streaming frame 1590/4530 (2 workers)
  ███████████░░░░░░░░░░░░░░  45%  Streaming frame 1620/4530 (2 workers)
  ███████████░░░░░░░░░░░░░░  45%  Streaming frame 1650/4530 (2 workers)
  ███████████░░░░░░░░░░░░░░  45%  Streaming frame 1680/4530 (2 workers)
  ███████████░░░░░░░░░░░░░░  46%  Streaming frame 1710/4530 (2 workers)
  ███████████░░░░░░░░░░░░░░  46%  Streaming frame 1740/4530 (2 workers)
  ███████████░░░░░░░░░░░░░░  46%  Streaming frame 1770/4530 (2 workers)
  ███████████░░░░░░░░░░░░░░  47%  Streaming frame 1800/4530 (2 workers)
  ███████████░░░░░░░░░░░░░░  47%  Streaming frame 1830/4530 (2 workers)
  ████████████░░░░░░░░░░░░░  48%  Streaming frame 1860/4530 (2 workers)
  ████████████░░░░░░░░░░░░░  48%  Streaming frame 1890/4530 (2 workers)
  ████████████░░░░░░░░░░░░░  48%  Streaming frame 1920/4530 (2 workers)
  ████████████░░░░░░░░░░░░░  49%  Streaming frame 1950/4530 (2 workers)
  ████████████░░░░░░░░░░░░░  49%  Streaming frame 1980/4530 (2 workers)
  ████████████░░░░░░░░░░░░░  49%  Streaming frame 2010/4530 (2 workers)
  ████████████░░░░░░░░░░░░░  50%  Streaming frame 2040/4530 (2 workers)
  ████████████░░░░░░░░░░░░░  50%  Streaming frame 2070/4530 (2 workers)
  ████████████░░░░░░░░░░░░░  50%  Streaming frame 2100/4530 (2 workers)
  ████████████░░░░░░░░░░░░░  51%  Streaming frame 2130/4530 (2 workers)
  ████████████░░░░░░░░░░░░░  51%  Streaming frame 2160/4530 (2 workers)
  █████████████░░░░░░░░░░░░  52%  Streaming frame 2190/4530 (2 workers)
  █████████████░░░░░░░░░░░░  52%  Streaming frame 2220/4530 (2 workers)
  █████████████░░░░░░░░░░░░  52%  Streaming frame 2250/4530 (2 workers)
  █████████████░░░░░░░░░░░░  53%  Streaming frame 2280/4530 (2 workers)
  █████████████░░░░░░░░░░░░  53%  Streaming frame 2310/4530 (2 workers)
  █████████████░░░░░░░░░░░░  53%  Streaming frame 2340/4530 (2 workers)
  █████████████░░░░░░░░░░░░  54%  Streaming frame 2370/4530 (2 workers)
  █████████████░░░░░░░░░░░░  54%  Streaming frame 2400/4530 (2 workers)
  █████████████░░░░░░░░░░░░  55%  Streaming frame 2430/4530 (2 workers)
  █████████████░░░░░░░░░░░░  55%  Streaming frame 2460/4530 (2 workers)
  █████████████░░░░░░░░░░░░  55%  Streaming frame 2490/4530 (2 workers)
  ██████████████░░░░░░░░░░░  56%  Streaming frame 2520/4530 (2 workers)
  ██████████████░░░░░░░░░░░  56%  Streaming frame 2550/4530 (2 workers)
  ██████████████░░░░░░░░░░░  56%  Streaming frame 2580/4530 (2 workers)
  ██████████████░░░░░░░░░░░  57%  Streaming frame 2610/4530 (2 workers)
  ██████████████░░░░░░░░░░░  57%  Streaming frame 2640/4530 (2 workers)
  ██████████████░░░░░░░░░░░  57%  Streaming frame 2670/4530 (2 workers)
  ██████████████░░░░░░░░░░░  58%  Streaming frame 2700/4530 (2 workers)
  ██████████████░░░░░░░░░░░  58%  Streaming frame 2730/4530 (2 workers)
[INFO] [Render:trace] {"renderJobId":"a319e52c-8cf9-45a8-a782-c7da987ce80c","phase":"capture_streaming","status":"checkpoint","elapsedMs":246412,"message":"stage still running","stagePhase":"capturing","workerCount":2,"forceScreenshot":false,"totalFrames":4530,"framesCompleted":2736,"captureMode":"beginframe","captureOperation":"beginFrame","heartbeatIndex":4,"stageElapsedMs":244308}
  ██████████████░░░░░░░░░░░  59%  Streaming frame 2760/4530 (2 workers)
  ██████████████░░░░░░░░░░░  59%  Streaming frame 2790/4530 (2 workers)
  ██████████████░░░░░░░░░░░  59%  Streaming frame 2820/4530 (2 workers)
  ███████████████░░░░░░░░░░  60%  Streaming frame 2850/4530 (2 workers)
  ███████████████░░░░░░░░░░  60%  Streaming frame 2880/4530 (2 workers)
  ███████████████░░░░░░░░░░  60%  Streaming frame 2910/4530 (2 workers)
  ███████████████░░░░░░░░░░  61%  Streaming frame 2940/4530 (2 workers)
  ███████████████░░░░░░░░░░  61%  Streaming frame 2970/4530 (2 workers)
  ███████████████░░░░░░░░░░  61%  Streaming frame 3000/4530 (2 workers)
  ███████████████░░░░░░░░░░  62%  Streaming frame 3030/4530 (2 workers)
  ███████████████░░░░░░░░░░  62%  Streaming frame 3060/4530 (2 workers)
  ███████████████░░░░░░░░░░  63%  Streaming frame 3090/4530 (2 workers)
  ███████████████░░░░░░░░░░  63%  Streaming frame 3120/4530 (2 workers)
  ███████████████░░░░░░░░░░  63%  Streaming frame 3150/4530 (2 workers)
  ████████████████░░░░░░░░░  64%  Streaming frame 3180/4530 (2 workers)
  ████████████████░░░░░░░░░  64%  Streaming frame 3210/4530 (2 workers)
  ████████████████░░░░░░░░░  64%  Streaming frame 3240/4530 (2 workers)
  ████████████████░░░░░░░░░  65%  Streaming frame 3270/4530 (2 workers)
  ████████████████░░░░░░░░░  65%  Streaming frame 3300/4530 (2 workers)
  ████████████████░░░░░░░░░  65%  Streaming frame 3330/4530 (2 workers)
  ████████████████░░░░░░░░░  66%  Streaming frame 3360/4530 (2 workers)
  ████████████████░░░░░░░░░  66%  Streaming frame 3390/4530 (2 workers)
  ████████████████░░░░░░░░░  67%  Streaming frame 3420/4530 (2 workers)
  ████████████████░░░░░░░░░  67%  Streaming frame 3450/4530 (2 workers)
  ████████████████░░░░░░░░░  67%  Streaming frame 3480/4530 (2 workers)
  █████████████████░░░░░░░░  68%  Streaming frame 3510/4530 (2 workers)
  █████████████████░░░░░░░░  68%  Streaming frame 3540/4530 (2 workers)
  █████████████████░░░░░░░░  68%  Streaming frame 3570/4530 (2 workers)
  █████████████████░░░░░░░░  69%  Streaming frame 3600/4530 (2 workers)
  █████████████████░░░░░░░░  69%  Streaming frame 3630/4530 (2 workers)
  █████████████████░░░░░░░░  69%  Streaming frame 3660/4530 (2 workers)
  █████████████████░░░░░░░░  70%  Streaming frame 3690/4530 (2 workers)
  █████████████████░░░░░░░░  70%  Streaming frame 3720/4530 (2 workers)
  █████████████████░░░░░░░░  71%  Streaming frame 3750/4530 (2 workers)
  █████████████████░░░░░░░░  71%  Streaming frame 3780/4530 (2 workers)
  █████████████████░░░░░░░░  71%  Streaming frame 3810/4530 (2 workers)
  ██████████████████░░░░░░░  72%  Streaming frame 3840/4530 (2 workers)
  ██████████████████░░░░░░░  72%  Streaming frame 3870/4530 (2 workers)
  ██████████████████░░░░░░░  72%  Streaming frame 3900/4530 (2 workers)
  ██████████████████░░░░░░░  73%  Streaming frame 3930/4530 (2 workers)
  ██████████████████░░░░░░░  73%  Streaming frame 3960/4530 (2 workers)
  ██████████████████░░░░░░░  73%  Streaming frame 3990/4530 (2 workers)
  ██████████████████░░░░░░░  74%  Streaming frame 4020/4530 (2 workers)
  ██████████████████░░░░░░░  74%  Streaming frame 4050/4530 (2 workers)
  ██████████████████░░░░░░░  75%  Streaming frame 4080/4530 (2 workers)
  ██████████████████░░░░░░░  75%  Streaming frame 4110/4530 (2 workers)
  ██████████████████░░░░░░░  75%  Streaming frame 4140/4530 (2 workers)
  ███████████████████░░░░░░  76%  Streaming frame 4170/4530 (2 workers)
  ███████████████████░░░░░░  76%  Streaming frame 4200/4530 (2 workers)
  ███████████████████░░░░░░  76%  Streaming frame 4230/4530 (2 workers)
  ███████████████████░░░░░░  77%  Streaming frame 4260/4530 (2 workers)
  ███████████████████░░░░░░  77%  Streaming frame 4290/4530 (2 workers)
  ███████████████████░░░░░░  77%  Streaming frame 4320/4530 (2 workers)
  ███████████████████░░░░░░  78%  Streaming frame 4350/4530 (2 workers)
  ███████████████████░░░░░░  78%  Streaming frame 4380/4530 (2 workers)
  ███████████████████░░░░░░  79%  Streaming frame 4410/4530 (2 workers)
[INFO] [Render:trace] {"renderJobId":"a319e52c-8cf9-45a8-a782-c7da987ce80c","phase":"capture_streaming","status":"checkpoint","elapsedMs":368561,"message":"stage still running","stagePhase":"capturing","workerCount":2,"forceScreenshot":false,"totalFrames":4530,"framesCompleted":4428,"captureMode":"beginframe","captureOperation":"beginFrame","heartbeatIndex":5,"stageElapsedMs":366457}
  ███████████████████░░░░░░  79%  Streaming frame 4440/4530 (2 workers)
  ███████████████████░░░░░░  79%  Streaming frame 4470/4530 (2 workers)
  ████████████████████░░░░░  80%  Streaming frame 4500/4530 (2 workers)
  ████████████████████░░░░░  80%  Streaming frame 4530/4530 (2 workers)
[INFO] [Render:trace] {"renderJobId":"a319e52c-8cf9-45a8-a782-c7da987ce80c","phase":"capture_streaming","status":"end","elapsedMs":376911,"durationMs":374807,"stagePhase":"capturing","workerCount":2,"forceScreenshot":false,"totalFrames":4530,"framesCompleted":4530,"captureMode":"beginframe","captureOperation":"encode"}
[WARN] Render completed capture with correctness warnings {"renderJobId":"a319e52c-8cf9-45a8-a782-c7da987ce80c","strictness":"best-effort","warningCodes":["sub_timeline_readiness_timeout"],"warningReasons":[],"warningStages":[],"warningOwners":[]}
[INFO] [Render:trace] {"renderJobId":"a319e52c-8cf9-45a8-a782-c7da987ce80c","phase":"assemble","status":"start","elapsedMs":376921,"stagePhase":"capturing","hasAudio":false,"workerCount":2,"forceScreenshot":false,"totalFrames":4530,"framesCompleted":4530,"captureMode":"beginframe","captureOperation":"encode"}
  ██████████████████████░░░  90%  Assembling final video
[INFO] [Render:trace] {"renderJobId":"a319e52c-8cf9-45a8-a782-c7da987ce80c","phase":"assemble","status":"end","elapsedMs":378543,"durationMs":1622,"stagePhase":"capturing","hasAudio":false,"workerCount":2,"forceScreenshot":false,"totalFrames":4530,"framesCompleted":4530,"captureMode":"beginframe","captureOperation":"encode"}
[INFO] [Render:trace] {"renderJobId":"a319e52c-8cf9-45a8-a782-c7da987ce80c","phase":"pipeline","status":"checkpoint","elapsedMs":378780,"message":"artifact validated","totalElapsedMs":378779}
  █████████████████████████  100%  Render complete
  [sub_timeline_readiness_timeout] Sub-composition timelines did not become ready within 45000ms

◇  /home/jkang1643/projects/exbabel/video-production/exbabel-film/renders/exbabel-visual-master.mp4
   16.8 MB · 2m 31.0s video · rendered in 6m 18.8s
   beginframe capture · software gpu · compile 0.9s · extract 0.0s · audio 0.0s · probe 0.1s · setup 1.2s · capture 6m 14.8s · encode (during capture) 6m 14.8s · assemble 1.6s
